
Running 6 tests using 1 worker

  ✘  1 [chromium] › e2e\chat-interface-responsive-qa.spec.ts:6:7 › CustomChatInterface QA › Mobile 320px (1.0m)
  ✘  2 [chromium] › e2e\chat-interface-responsive-qa.spec.ts:16:7 › CustomChatInterface QA › Mobile 360px (1.0m)
  ✘  3 [chromium] › e2e\chat-interface-responsive-qa.spec.ts:27:7 › CustomChatInterface QA › Mobile 390px (1.0m)
  ✘  4 [chromium] › e2e\chat-interface-responsive-qa.spec.ts:37:7 › CustomChatInterface QA › Desktop 1024px (1.0m)
  ✘  5 [chromium] › e2e\chat-interface-responsive-qa.spec.ts:47:7 › CustomChatInterface QA › Send message test (1.0m)
  ✘  6 [chromium] › e2e\chat-interface-responsive-qa.spec.ts:63:7 › CustomChatInterface QA › Quick actions (1.0m)


  1) [chromium] › e2e\chat-interface-responsive-qa.spec.ts:6:7 › CustomChatInterface QA › Mobile 320px 

    [31mTest timeout of 60000ms exceeded.[39m

    Error: page.click: Test timeout of 60000ms exceeded.
    Call log:
    [2m  - waiting for locator('button:has-text("Mobile 320px")')[22m


       7 |     await page.setViewportSize({ width: 320, height: 667 });
       8 |     await page.goto(TEST_URL);
    >  9 |     await page.click('button:has-text("Mobile 320px")');
         |                ^
      10 |     await page.waitForTimeout(2000);
      11 |     await page.screenshot({ path: 'screenshots/chat-qa-mobile-320.png', fullPage: true });
      12 |     await expect(page.locator('input[type="text"]').first()).toBeVisible();
        at C:\Users\HomePC\Desktop\Code\NextNest\e2e\chat-interface-responsive-qa.spec.ts:9:16

    attachment #1: screenshot (image/png) ──────────────────────────────────────────────────────────
    test-results\chat-interface-responsive--d5b34-atInterface-QA-Mobile-320px-chromium\test-failed-1.png
    ────────────────────────────────────────────────────────────────────────────────────────────────

    Error Context: test-results\chat-interface-responsive--d5b34-atInterface-QA-Mobile-320px-chromium\error-context.md

  2) [chromium] › e2e\chat-interface-responsive-qa.spec.ts:16:7 › CustomChatInterface QA › Mobile 360px 

    [31mTest timeout of 60000ms exceeded.[39m

    Error: page.click: Test timeout of 60000ms exceeded.
    Call log:
    [2m  - waiting for locator('button:has-text("Mobile 360px")')[22m


      17 |     await page.setViewportSize({ width: 360, height: 667 });
      18 |     await page.goto(TEST_URL);
    > 19 |     await page.click('button:has-text("Mobile 360px")');
         |                ^
      20 |     await page.waitForTimeout(2000);
      21 |     await page.screenshot({ path: 'screenshots/chat-qa-mobile-360.png', fullPage: true });
      22 |     await expect(page.locator('input[type="text"]').first()).toBeVisible();
        at C:\Users\HomePC\Desktop\Code\NextNest\e2e\chat-interface-responsive-qa.spec.ts:19:16

    attachment #1: screenshot (image/png) ──────────────────────────────────────────────────────────
    test-results\chat-interface-responsive--88abe-atInterface-QA-Mobile-360px-chromium\test-failed-1.png
    ────────────────────────────────────────────────────────────────────────────────────────────────

    Error Context: test-results\chat-interface-responsive--88abe-atInterface-QA-Mobile-360px-chromium\error-context.md

  3) [chromium] › e2e\chat-interface-responsive-qa.spec.ts:27:7 › CustomChatInterface QA › Mobile 390px 

    [31mTest timeout of 60000ms exceeded.[39m

    Error: page.click: Test timeout of 60000ms exceeded.
    Call log:
    [2m  - waiting for locator('button:has-text("Mobile 390px")')[22m


      28 |     await page.setViewportSize({ width: 390, height: 667 });
      29 |     await page.goto(TEST_URL);
    > 30 |     await page.click('button:has-text("Mobile 390px")');
         |                ^
      31 |     await page.waitForTimeout(2000);
      32 |     await page.screenshot({ path: 'screenshots/chat-qa-mobile-390.png', fullPage: true });
      33 |     await expect(page.locator('input[type="text"]').first()).toBeVisible();
        at C:\Users\HomePC\Desktop\Code\NextNest\e2e\chat-interface-responsive-qa.spec.ts:30:16

    attachment #1: screenshot (image/png) ──────────────────────────────────────────────────────────
    test-results\chat-interface-responsive--f5e0e-atInterface-QA-Mobile-390px-chromium\test-failed-1.png
    ────────────────────────────────────────────────────────────────────────────────────────────────

    Error Context: test-results\chat-interface-responsive--f5e0e-atInterface-QA-Mobile-390px-chromium\error-context.md

  4) [chromium] › e2e\chat-interface-responsive-qa.spec.ts:37:7 › CustomChatInterface QA › Desktop 1024px 

    [31mTest timeout of 60000ms exceeded.[39m

    Error: page.click: Test timeout of 60000ms exceeded.
    Call log:
    [2m  - waiting for locator('button:has-text("Desktop 1024px")')[22m


      38 |     await page.setViewportSize({ width: 1024, height: 768 });
      39 |     await page.goto(TEST_URL);
    > 40 |     await page.click('button:has-text("Desktop 1024px")');
         |                ^
      41 |     await page.waitForTimeout(2000);
      42 |     await page.screenshot({ path: 'screenshots/chat-qa-desktop-1024.png', fullPage: true });
      43 |     await expect(page.locator('input[type="text"]').first()).toBeVisible();
        at C:\Users\HomePC\Desktop\Code\NextNest\e2e\chat-interface-responsive-qa.spec.ts:40:16

    attachment #1: screenshot (image/png) ──────────────────────────────────────────────────────────
    test-results\chat-interface-responsive--d0b98-Interface-QA-Desktop-1024px-chromium\test-failed-1.png
    ────────────────────────────────────────────────────────────────────────────────────────────────

    Error Context: test-results\chat-interface-responsive--d0b98-Interface-QA-Desktop-1024px-chromium\error-context.md

  5) [chromium] › e2e\chat-interface-responsive-qa.spec.ts:47:7 › CustomChatInterface QA › Send message test 

    [31mTest timeout of 60000ms exceeded.[39m

    Error: page.click: Test timeout of 60000ms exceeded.
    Call log:
    [2m  - waiting for locator('button:has-text("Mobile 360px")')[22m


      48 |     await page.setViewportSize({ width: 360, height: 667 });
      49 |     await page.goto(TEST_URL);
    > 50 |     await page.click('button:has-text("Mobile 360px")');
         |                ^
      51 |     await page.waitForTimeout(2000);
      52 |     
      53 |     const input = page.locator('input[type="text"]').first();
        at C:\Users\HomePC\Desktop\Code\NextNest\e2e\chat-interface-responsive-qa.spec.ts:50:16

    attachment #1: screenshot (image/png) ──────────────────────────────────────────────────────────
    test-results\chat-interface-responsive--13700-erface-QA-Send-message-test-chromium\test-failed-1.png
    ────────────────────────────────────────────────────────────────────────────────────────────────

    Error Context: test-results\chat-interface-responsive--13700-erface-QA-Send-message-test-chromium\error-context.md

  6) [chromium] › e2e\chat-interface-responsive-qa.spec.ts:63:7 › CustomChatInterface QA › Quick actions 

    [31mTest timeout of 60000ms exceeded.[39m

    Error: page.click: Test timeout of 60000ms exceeded.
    Call log:
    [2m  - waiting for locator('button:has-text("Mobile 360px")')[22m


      64 |     await page.setViewportSize({ width: 360, height: 667 });
      65 |     await page.goto(TEST_URL);
    > 66 |     await page.click('button:has-text("Mobile 360px")');
         |                ^
      67 |     await page.waitForTimeout(2000);
      68 |     
      69 |     await page.click('button:has-text("Current rates")');
        at C:\Users\HomePC\Desktop\Code\NextNest\e2e\chat-interface-responsive-qa.spec.ts:66:16

    attachment #1: screenshot (image/png) ──────────────────────────────────────────────────────────
    test-results\chat-interface-responsive--e7cba-tInterface-QA-Quick-actions-chromium\test-failed-1.png
    ────────────────────────────────────────────────────────────────────────────────────────────────

    Error Context: test-results\chat-interface-responsive--e7cba-tInterface-QA-Quick-actions-chromium\error-context.md

  6 failed
    [chromium] › e2e\chat-interface-responsive-qa.spec.ts:6:7 › CustomChatInterface QA › Mobile 320px 
    [chromium] › e2e\chat-interface-responsive-qa.spec.ts:16:7 › CustomChatInterface QA › Mobile 360px 
    [chromium] › e2e\chat-interface-responsive-qa.spec.ts:27:7 › CustomChatInterface QA › Mobile 390px 
    [chromium] › e2e\chat-interface-responsive-qa.spec.ts:37:7 › CustomChatInterface QA › Desktop 1024px 
    [chromium] › e2e\chat-interface-responsive-qa.spec.ts:47:7 › CustomChatInterface QA › Send message test 
    [chromium] › e2e\chat-interface-responsive-qa.spec.ts:63:7 › CustomChatInterface QA › Quick actions 
